%!Adobe-FontList 1.16
%Locale:0x340a

%BeginFont
Handler:DirectoryHandler
FontType:Invalid
OutlineFileName:C:\xampp\htdocs\soltaltim_mio\Font\generator_config.txt
FileModTime:1396986154
%EndFont

%BeginFont
Handler:DirectoryHandler
FontType:Invalid
OutlineFileName:C:\xampp\htdocs\soltaltim_mio\Font\sansation_bold-demo.html
FileModTime:1396986154
%EndFont

%BeginFont
Handler:DirectoryHandler
FontType:Invalid
OutlineFileName:C:\xampp\htdocs\soltaltim_mio\Font\sansation_bold-webfont.eot
FileModTime:1396986150
%EndFont

%BeginFont
Handler:DirectoryHandler
FontType:Invalid
OutlineFileName:C:\xampp\htdocs\soltaltim_mio\Font\sansation_bold-webfont.svg
FileModTime:1396986150
%EndFont

%BeginFont
Handler:DirectoryHandler
FontType:TrueType
FontName:SansationBold
FamilyName:Sansation
StyleName:Bold
FullName:Sansation Bold
MenuName:Sansation
StyleBits:2
WritingScript:Roman
OutlineFileName:C:\xampp\htdocs\soltaltim_mio\Font\sansation_bold-webfont.ttf
DataFormat:sfntData
FileLength:36888
FileModTime:1396986148
WeightClass:700
WidthClass:5
AngleClass:0
NameArray:0,Win,1,Sansation
%EndFont

%BeginFont
Handler:DirectoryHandler
FontType:Invalid
OutlineFileName:C:\xampp\htdocs\soltaltim_mio\Font\sansation_bold-webfont.woff
FileModTime:1396986144
%EndFont

%BeginFont
Handler:DirectoryHandler
FontType:Invalid
OutlineFileName:C:\xampp\htdocs\soltaltim_mio\Font\sansation_regular-demo.html
FileModTime:1396986142
%EndFont

%BeginFont
Handler:DirectoryHandler
FontType:Invalid
OutlineFileName:C:\xampp\htdocs\soltaltim_mio\Font\sansation_regular-webfont.eot
FileModTime:1396986140
%EndFont

%BeginFont
Handler:DirectoryHandler
FontType:Invalid
OutlineFileName:C:\xampp\htdocs\soltaltim_mio\Font\sansation_regular-webfont.svg
FileModTime:1396986140
%EndFont

%BeginFont
Handler:DirectoryHandler
FontType:TrueType
FontName:SansationRegular
FamilyName:Sansation
StyleName:Regular
FullName:Sansation Regular
MenuName:Sansation
StyleBits:0
WritingScript:Roman
OutlineFileName:C:\xampp\htdocs\soltaltim_mio\Font\sansation_regular-webfont.ttf
DataFormat:sfntData
FileLength:36444
FileModTime:1396986138
WeightClass:400
WidthClass:5
AngleClass:0
NameArray:0,Win,1,Sansation
%EndFont

%BeginFont
Handler:DirectoryHandler
FontType:Invalid
OutlineFileName:C:\xampp\htdocs\soltaltim_mio\Font\sansation_regular-webfont.woff
FileModTime:1396986134
%EndFont

%BeginFont
Handler:DirectoryHandler
FontType:Invalid
OutlineFileName:C:\xampp\htdocs\soltaltim_mio\Font\stylesheet.css
FileModTime:1396986132
%EndFont

%BeginFont
Handler:DirectoryHandler
FontType:Invalid
OutlineFileName:C:\xampp\htdocs\soltaltim_mio\Font\specimen_files\easytabs.js
FileModTime:1396986184
%EndFont

%BeginFont
Handler:DirectoryHandler
FontType:Invalid
OutlineFileName:C:\xampp\htdocs\soltaltim_mio\Font\specimen_files\grid_12-825-55-15.css
FileModTime:1396986182
%EndFont

%BeginFont
Handler:DirectoryHandler
FontType:Invalid
OutlineFileName:C:\xampp\htdocs\soltaltim_mio\Font\specimen_files\sansation_regular-cleartype.png
FileModTime:1396986180
%EndFont

%BeginFont
Handler:DirectoryHandler
FontType:Invalid
OutlineFileName:C:\xampp\htdocs\soltaltim_mio\Font\specimen_files\specimen_stylesheet.css
FileModTime:1396986178
%EndFont

